$ git commit -m "refactor de pedidos: tablas de reglas, notificador inyectado y dependencias actualizadas"
==> [1/3] Formatter: black --check
All done! ✨ 🍰 ✨
7 files would be left unchanged.
==> [2/3] Linter: ruff check
All checks passed!
==> [3/3] Pruebas unitarias y cobertura: pytest
============================= test session starts =============================
platform win32 -- Python 3.14.6, pytest-9.1.1, pluggy-1.6.0
rootdir: D:\Estudio\Carreras\TUP - UTN SAN NICOLAS\Metodologia II\petrei-u3
configfile: pyproject.toml
plugins: platformdirs-4.12.2, cov-7.1.0
collected 29 items

tests\test_credito.py .....                                              [ 17%]
tests\test_descuentos.py ...                                             [ 27%]
tests\test_pedidos.py .....................                              [100%]

=============================== tests coverage ================================
_______________ coverage: platform win32, python 3.14.6-final-0 _______________

Name                       Stmts   Miss Branch BrPart  Cover   Missing
----------------------------------------------------------------------
src\tienda\__init__.py         0      0      0      0   100%
src\tienda\credito.py          6      0      2      0   100%
src\tienda\descuentos.py       6      0      4      0   100%
src\tienda\pedidos.py         61      0      6      0   100%
----------------------------------------------------------------------
TOTAL                         73      0     12      0   100%
Coverage HTML written to dir htmlcov
Coverage XML written to file coverage.xml
Coverage JSON written to file coverage.json
Required test coverage of 80% reached. Total coverage: 100.00%
============================= 29 passed in 0.25s ==============================
Cobertura de ramas: 100.0% (mínimo DoD: 75%)

pre-commit: los 3 controles pasaron. Commit autorizado.
[technical-debt/1-refactor-pedidos 378425f] refactor de pedidos: tablas de reglas, notificador inyectado y dependencias actualizadas
 6 files changed, 292 insertions(+), 117 deletions(-)
 create mode 100644 tests/test_pedidos.py
[exit code: 0]
