# git checkout linea-base
$ npx jscpd --min-lines 5 --reporters console src/tienda/pedidos.py
Clone found (python):
 - src\tienda\pedidos.py [74:5 - 118:11] (44 lines, 499 tokens)
   src\tienda\pedidos.py [11:5 - 55:7]

┌────────┬────────────────┬─────────────┬──────────────┬──────────────┬──────────────────┬───────────────────┐
│ Format │ Files analyzed │ Total lines │ Total tokens │ Clones found │ Duplicated lines │ Duplicated tokens │
├────────┼────────────────┼─────────────┼──────────────┼──────────────┼──────────────────┼───────────────────┤
│ python │ 1              │ 118         │ 1251         │ 1            │ 44 (37.29%)      │ 499 (39.89%)      │
├────────┼────────────────┼─────────────┼──────────────┼──────────────┼──────────────────┼───────────────────┤
│ Total: │ 1              │ 118         │ 1251         │ 1            │ 44 (37.29%)      │ 499 (39.89%)      │
└────────┴────────────────┴─────────────┴──────────────┴──────────────┴──────────────────┴───────────────────┘
Found 1 clones.
time: 14.404ms


$ npx jscpd --min-lines 5 --reporters console src
Clone found (python):
 - src\tienda\pedidos.py [74:5 - 118:11] (44 lines, 499 tokens)
   src\tienda\pedidos.py [11:5 - 55:7]

┌────────┬────────────────┬─────────────┬──────────────┬──────────────┬──────────────────┬───────────────────┐
│ Format │ Files analyzed │ Total lines │ Total tokens │ Clones found │ Duplicated lines │ Duplicated tokens │
├────────┼────────────────┼─────────────┼──────────────┼──────────────┼──────────────────┼───────────────────┤
│ python │ 3              │ 142         │ 1394         │ 1            │ 44 (30.99%)      │ 499 (35.8%)       │
├────────┼────────────────┼─────────────┼──────────────┼──────────────┼──────────────────┼───────────────────┤
│ Total: │ 3              │ 142         │ 1394         │ 1            │ 44 (30.99%)      │ 499 (35.8%)       │
└────────┴────────────────┴─────────────┴──────────────┴──────────────┴──────────────────┴───────────────────┘
Found 1 clones.
time: 14.437ms


